// Vitest Snapshot v1, https://vitest.dev/guide/snapshot.html

exports[`SelectTime > Should render correctly 1`] = `
<ForwardRef(Grid)>
  <Styled(ForwardRef(Typography))
    variant="button"
  >
    periodRange
  </Styled(ForwardRef(Typography))>
  <ForwardRef(FormControlLabel)
    control={
      <ForwardRef(Checkbox)
        checked={true}
        color="primary"
        id="periodRangeFilter"
        name="periodRange"
        onChange={[MockFunction spy]}
        sx={
          {
            "fontFamily": "Prompt",
          }
        }
      />
    }
    key="periodRange"
    label={
      <ForwardRef(Grid)
        direction={
          {
            "sm": "column",
            "xs": "row",
          }
        }
        spacing={2}
        sx={
          {
            "mt": {
              "sm": 0,
              "xs": 0.5,
            },
          }
        }
      >
        <ForwardRef(Grid)
          alignItems="center"
          direction="row"
          justifyContent="space-between"
          spacing={1}
        >
          <ForwardRef(Typography)
            noWrap={true}
            variant="subtitle1"
          >
            fromTime
          </ForwardRef(Typography)>
          <ForwardRef(Select)
            disabled={false}
            name="startTime"
            onChange={[MockFunction spy]}
            value="11:30"
          >
            <ForwardRef(MenuItem)
              value="10:30"
            >
              10:30
            </ForwardRef(MenuItem)>
            <ForwardRef(MenuItem)
              value="11:00"
            >
              11:00
            </ForwardRef(MenuItem)>
            <ForwardRef(MenuItem)
              value="11:30"
            >
              11:30
            </ForwardRef(MenuItem)>
            <ForwardRef(MenuItem)
              value="12:00"
            >
              12:00
            </ForwardRef(MenuItem)>
            <ForwardRef(MenuItem)
              value="12:30"
            >
              12:30
            </ForwardRef(MenuItem)>
          </ForwardRef(Select)>
        </ForwardRef(Grid)>
        <ForwardRef(Grid)
          alignItems="center"
          direction="row"
          justifyContent="space-between"
          spacing={1}
        >
          <ForwardRef(Typography)
            variant="subtitle1"
          >
            toTime
          </ForwardRef(Typography)>
          <ForwardRef(Select)
            disabled={false}
            name="endTime"
            onChange={[MockFunction spy]}
            value="11:30"
          >
            <ForwardRef(MenuItem)
              value="11:30"
            >
              11:30
            </ForwardRef(MenuItem)>
            <ForwardRef(MenuItem)
              value="12:00"
            >
              12:00
            </ForwardRef(MenuItem)>
            <ForwardRef(MenuItem)
              value="12:30"
            >
              12:30
            </ForwardRef(MenuItem)>
            <ForwardRef(MenuItem)
              value="13:00"
            >
              13:00
            </ForwardRef(MenuItem)>
            <ForwardRef(MenuItem)
              value="13:30"
            >
              13:30
            </ForwardRef(MenuItem)>
          </ForwardRef(Select)>
        </ForwardRef(Grid)>
      </ForwardRef(Grid)>
    }
    onClick={[Function]}
    sx={
      {
        "alignItems": "flex-start",
        "display": "flex",
      }
    }
  />
</ForwardRef(Grid)>
`;
