// Vitest Snapshot v1, https://vitest.dev/guide/snapshot.html

exports[`CourseSearchPage > Should match snapshot correctly 1`] = `
<Styled(div)>
  <PageMeta
    title="ค้นหาวิชาเรียน"
  />
  <Styled(ForwardRef(Grid))
    alignItems="center"
    direction="row"
    justifyContent="space-between"
    spacing={2}
  >
    <ForwardRef(Grid)
      alignItems="center"
      direction="row"
      spacing={2}
    >
      <ForwardRef(Typography)
        variant="h2"
      >
        ค้นหาวิชาเรียน
      </ForwardRef(Typography)>
    </ForwardRef(Grid)>
    <Hidden
      mdUp={true}
    >
      <Analytics
        elementName="open_shopping_cart_button"
      >
        <Memo(observerComponent)
          onClick={[MockFunction spy]}
        />
      </Analytics>
    </Hidden>
  </Styled(ForwardRef(Grid))>
  <Styled(ForwardRef(Grid))
    alignItems="flex-start"
  >
    <Styled(ForwardRef(Grid))
      direction="row"
      spacing={2}
      width="100%"
    >
      <SearchField />
      <Analytics
        elementName="filter_button"
      >
        <FilterIconButton />
      </Analytics>
      <Hidden
        mdDown={true}
      >
        <Analytics
          elementName="selected_courses_button"
        >
          <Memo(observerComponent)
            onClick={[MockFunction spy]}
          />
        </Analytics>
      </Hidden>
    </Styled(ForwardRef(Grid))>
    <TagList />
  </Styled(ForwardRef(Grid))>
  <Memo(observerComponent) />
  <Styled(ForwardRef(Grid))
    direction="row"
    spacing={3}
  >
    <CourseList />
    <FilterSection
      open={false}
    />
  </Styled(ForwardRef(Grid))>
</Styled(div)>
`;
